[htmldemo.net/hmart/hmart/index.html]
[backblue.gif]
[fade.gif]
[index.html]
[htmldemo.net/hmart/hmart/assets/images/favicon.ico]
[htmldemo.net/hmart/hmart/assets/css/font.awesome.css]
[htmldemo.net/hmart/hmart/assets/css/pe-icon-7-stroke.css]
[htmldemo.net/hmart/hmart/assets/css/bootstrap.min.css]
[htmldemo.net/hmart/hmart/assets/css/swiper-bundle.min.css]
[htmldemo.net/hmart/hmart/assets/css/animate.min.css]
[htmldemo.net/hmart/hmart/assets/css/venobox.css]
[htmldemo.net/hmart/hmart/assets/css/jquery-ui.min.css]
[htmldemo.net/hmart/hmart/my-account.html]
[htmldemo.net/hmart/hmart/assets/images/logo/logo.png]
[htmldemo.net/hmart/hmart/assets/css/style.css]
[htmldemo.net/hmart/hmart/about.html]
[htmldemo.net/hmart/hmart/404.html]
[htmldemo.net/hmart/hmart/index-2.html]
[htmldemo.net/hmart/hmart/order-tracking.html]
[htmldemo.net/hmart/hmart/coming-soon.html]
[htmldemo.net/hmart/hmart/faq.html]
[htmldemo.net/hmart/hmart/cart.html]
[htmldemo.net/hmart/hmart/compare.html]
[htmldemo.net/hmart/hmart/checkout.html]
[htmldemo.net/hmart/hmart/login.html]
[htmldemo.net/hmart/hmart/wishlist.html]
[htmldemo.net/hmart/hmart/empty-cart.html]
[htmldemo.net/hmart/hmart/thank-you-page.html]
[htmldemo.net/hmart/hmart/assets/images/banner/menu-banner.png]
[htmldemo.net/hmart/hmart/shop-left-sidebar.html]
[htmldemo.net/hmart/hmart/shop-3-column.html]
[htmldemo.net/hmart/hmart/shop-4-column.html]
[htmldemo.net/hmart/hmart/shop-list-right-sidebar.html]
[htmldemo.net/hmart/hmart/shop-list-left-sidebar.html]
[htmldemo.net/hmart/hmart/shop-right-sidebar.html]
[htmldemo.net/hmart/hmart/single-product.html]
[htmldemo.net/hmart/hmart/single-product-affiliate.html]
[htmldemo.net/hmart/hmart/single-product-variable.html]
[htmldemo.net/hmart/hmart/single-product-group.html]
[htmldemo.net/hmart/hmart/single-product-tabstyle-2.html]
[htmldemo.net/hmart/hmart/single-product-tabstyle-3.html]
[htmldemo.net/hmart/hmart/single-product-slider.html]
[htmldemo.net/hmart/hmart/single-product-gallery-left.html]
[htmldemo.net/hmart/hmart/single-product-gallery-right.html]
[htmldemo.net/hmart/hmart/single-product-sticky-left.html]
[htmldemo.net/hmart/hmart/blog-grid-left-sidebar.html]
[htmldemo.net/hmart/hmart/blog-grid.html]
[htmldemo.net/hmart/hmart/single-product-sticky-right.html]
[htmldemo.net/hmart/hmart/blog-grid-right-sidebar.html]
[htmldemo.net/hmart/hmart/blog-list-left-sidebar.html]
[htmldemo.net/hmart/hmart/blog-list.html]
[htmldemo.net/hmart/hmart/blog-list-right-sidebar.html]
[htmldemo.net/hmart/hmart/blog-single.html]
[htmldemo.net/hmart/hmart/blog-single-right-sidebar.html]
[htmldemo.net/hmart/hmart/blog-single-left-sidebar.html]
[htmldemo.net/hmart/hmart/contact.html]
[htmldemo.net/hmart/hmart/assets/images/product-image/1.webp]
[htmldemo.net/hmart/hmart/assets/images/product-image/2.webp]
[htmldemo.net/hmart/hmart/assets/images/product-image/3.webp]
[htmldemo.net/hmart/hmart/assets/images/hero/inner-img/hero-1-1.png]
[htmldemo.net/hmart/hmart/assets/images/hero/inner-img/hero-1-2.png]
[htmldemo.net/hmart/hmart/assets/images/banner/3.webp]
[htmldemo.net/hmart/hmart/assets/images/banner/4.webp]
[htmldemo.net/hmart/hmart/assets/images/banner/5.webp]
[htmldemo.net/hmart/hmart/assets/images/product-image/4.webp]
[htmldemo.net/hmart/hmart/assets/images/product-image/5.webp]
[htmldemo.net/hmart/hmart/assets/images/product-image/6.webp]
[htmldemo.net/hmart/hmart/assets/images/product-image/7.webp]
[htmldemo.net/hmart/hmart/assets/images/product-image/8.webp]
[htmldemo.net/hmart/hmart/assets/images/feature-image/1.webp]
[htmldemo.net/hmart/hmart/assets/images/feature-image/2.webp]
[htmldemo.net/hmart/hmart/assets/images/feature-image/3.webp]
[htmldemo.net/hmart/hmart/assets/images/testimonial/1.png]
[htmldemo.net/hmart/hmart/assets/images/partner/1.png]
[htmldemo.net/hmart/hmart/assets/images/partner/2.png]
[htmldemo.net/hmart/hmart/assets/images/partner/3.png]
[htmldemo.net/hmart/hmart/assets/images/partner/4.png]
[htmldemo.net/hmart/hmart/assets/images/blog-image/1.webp]
[htmldemo.net/hmart/hmart/assets/images/blog-image/2.webp]
[htmldemo.net/hmart/hmart/assets/images/logo/footer-logo.png]
[htmldemo.net/hmart/hmart/assets/images/icons/payment.png]
[htmldemo.net/hmart/hmart/assets/images/product-image/zoom-image/1.webp]
[htmldemo.net/hmart/hmart/assets/images/product-image/zoom-image/2.webp]
[htmldemo.net/hmart/hmart/assets/images/product-image/zoom-image/3.webp]
[htmldemo.net/hmart/hmart/assets/images/product-image/zoom-image/4.webp]
[htmldemo.net/hmart/hmart/assets/images/product-image/zoom-image/5.webp]
[htmldemo.net/hmart/hmart/assets/images/product-image/small-image/1.webp]
[htmldemo.net/hmart/hmart/assets/images/product-image/small-image/2.webp]
[htmldemo.net/hmart/hmart/assets/images/product-image/small-image/3.webp]
[htmldemo.net/hmart/hmart/assets/images/product-image/small-image/4.webp]
[htmldemo.net/hmart/hmart/assets/images/product-image/small-image/5.webp]
[htmldemo.net/hmart/hmart/assets/js/vendor/bootstrap.bundle.min.js]
[htmldemo.net/hmart/hmart/assets/js/vendor/jquery-3.6.0.min.js]
[htmldemo.net/hmart/hmart/assets/js/vendor/jquery-migrate-3.3.2.min.js]
[htmldemo.net/hmart/hmart/assets/js/vendor/modernizr-3.11.2.min.js]
[htmldemo.net/hmart/hmart/assets/js/plugins/jquery.countdown.min.js]
[htmldemo.net/hmart/hmart/assets/js/plugins/scrollUp.js]
[htmldemo.net/hmart/hmart/assets/js/plugins/venobox.min.js]
[htmldemo.net/hmart/hmart/assets/js/plugins/swiper-bundle.min.js]
[htmldemo.net/hmart/hmart/assets/js/plugins/mailchimp-ajax.js]
[htmldemo.net/hmart/hmart/assets/js/plugins/jquery-ui.min.js]
[htmldemo.net/hmart/hmart/index.html]
[htmldemo.net/hmart/hmart/assets/css/bootstrap.min.css]
[htmldemo.net/hmart/hmart/assets/js/main.js]
[htmldemo.net/hmart/hmart/assets/fonts/fontawesome-webfont3e6e.eot]
[htmldemo.net/hmart/hmart/assets/fonts/fontawesome-webfont3e6e.woff2]
[htmldemo.net/hmart/hmart/assets/fonts/fontawesome-webfontd41d.eot]
[htmldemo.net/hmart/hmart/assets/fonts/fontawesome-webfont3e6e.woff]
[htmldemo.net/hmart/hmart/assets/fonts/fontawesome-webfont3e6e.ttf]
[htmldemo.net/hmart/hmart/assets/css/font.awesome.css]
[htmldemo.net/hmart/hmart/assets/fonts/Pe-icon-7-strokebb1d.eot]
[htmldemo.net/hmart/hmart/assets/fonts/Pe-icon-7-strokebb1d.woff]
[htmldemo.net/hmart/hmart/assets/fonts/Pe-icon-7-stroked41d.eot]
[htmldemo.net/hmart/hmart/assets/fonts/Pe-icon-7-strokebb1d.ttf]
[htmldemo.net/hmart/hmart/assets/fonts/fontawesome-webfont3e6e.svg]
[htmldemo.net/hmart/hmart/assets/css/pe-icon-7-stroke.css]
[htmldemo.net/hmart/hmart/assets/css/animate.min.css]
[htmldemo.net/hmart/hmart/assets/css/swiper-bundle.min.css]
[htmldemo.net/hmart/hmart/assets/css/venobox.css]
[htmldemo.net/hmart/hmart/assets/css/jquery-ui.min.css]
[htmldemo.net/hmart/hmart/assets/fonts/Pe-icon-7-strokebb1d.svg]
[htmldemo.net/hmart/hmart/assets/images/blog-image/quate-icon.png]
[htmldemo.net/hmart/hmart/assets/images/about/breadcrunb-bg.webp]
[htmldemo.net/hmart/hmart/assets/images/testimonial/quote-shape.png]
[htmldemo.net/hmart/hmart/assets/css/style.css]
[htmldemo.net/hmart/hmart/my-account.html]
[htmldemo.net/hmart/hmart/assets/images/hero/inner-img/hero-2-1.png]
[htmldemo.net/hmart/hmart/assets/images/banner/6.webp]
[htmldemo.net/hmart/hmart/assets/images/banner/7.webp]
[htmldemo.net/hmart/hmart/assets/images/banner/8.webp]
[htmldemo.net/hmart/hmart/assets/images/banner/9.webp]
[htmldemo.net/hmart/hmart/assets/images/icons/1.png]
[htmldemo.net/hmart/hmart/assets/images/icons/2.png]
[htmldemo.net/hmart/hmart/assets/images/icons/3.png]
[htmldemo.net/hmart/hmart/index-2.html]
[htmldemo.net/hmart/hmart/assets/images/about/promo-video-img.webp]
[htmldemo.net/hmart/hmart/assets/images/team/1.webp]
[htmldemo.net/hmart/hmart/assets/images/team/2.webp]
[htmldemo.net/hmart/hmart/assets/images/team/3.webp]
[htmldemo.net/hmart/hmart/about.html]
[htmldemo.net/hmart/hmart/404.html]
[htmldemo.net/hmart/hmart/order-tracking.html]
[htmldemo.net/hmart/hmart/faq.html]
[htmldemo.net/hmart/hmart/coming-soon.html]
[htmldemo.net/hmart/hmart/cart.html]
[htmldemo.net/hmart/hmart/checkout.html]
[htmldemo.net/hmart/hmart/compare.html]
[htmldemo.net/hmart/hmart/wishlist.html]
[htmldemo.net/hmart/hmart/login.html]
[htmldemo.net/hmart/hmart/empty-cart.html]
[htmldemo.net/hmart/hmart/assets/images/icons/cmpted_logo.png]
[htmldemo.net/hmart/hmart/thank-you-page.html]
[htmldemo.net/hmart/hmart/shop-left-sidebar.html]
[htmldemo.net/hmart/hmart/shop-3-column.html]
[htmldemo.net/hmart/hmart/shop-4-column.html]
[htmldemo.net/hmart/hmart/shop-right-sidebar.html]
[htmldemo.net/hmart/hmart/shop-list-left-sidebar.html]
[htmldemo.net/hmart/hmart/shop-list-right-sidebar.html]
[htmldemo.net/hmart/hmart/assets/images/review-image/1.png]
[htmldemo.net/hmart/hmart/assets/images/review-image/2.png]
[htmldemo.net/hmart/hmart/single-product.html]
[htmldemo.net/hmart/hmart/single-product-variable.html]
[htmldemo.net/hmart/hmart/single-product-affiliate.html]
[htmldemo.net/hmart/hmart/single-product-group.html]
[htmldemo.net/hmart/hmart/single-product-tabstyle-2.html]
[htmldemo.net/hmart/hmart/single-product-tabstyle-3.html]
[htmldemo.net/hmart/hmart/single-product-slider.html]
[htmldemo.net/hmart/hmart/single-product-gallery-left.html]
[htmldemo.net/hmart/hmart/single-product-gallery-right.html]
[htmldemo.net/hmart/hmart/single-product-sticky-left.html]
[htmldemo.net/hmart/hmart/single-product-sticky-right.html]
[htmldemo.net/hmart/hmart/assets/images/blog-image/3.webp]
[htmldemo.net/hmart/hmart/assets/images/blog-image/4.webp]
[htmldemo.net/hmart/hmart/assets/images/blog-image/5.webp]
[htmldemo.net/hmart/hmart/assets/images/icons/icon-youtube-play.png]
[htmldemo.net/hmart/hmart/assets/images/blog-image/post-1.webp]
[htmldemo.net/hmart/hmart/assets/images/blog-image/post-2.webp]
[htmldemo.net/hmart/hmart/assets/images/blog-image/post-3.webp]
[htmldemo.net/hmart/hmart/blog-grid-left-sidebar.html]
[htmldemo.net/hmart/hmart/blog-grid.html]
[htmldemo.net/hmart/hmart/blog-grid-right-sidebar.html]
[htmldemo.net/hmart/hmart/blog-list-left-sidebar.html]
[htmldemo.net/hmart/hmart/blog-list.html]
[htmldemo.net/hmart/hmart/blog-list-right-sidebar.html]
[htmldemo.net/hmart/hmart/assets/images/blog-image/single-blog.webp]
[htmldemo.net/hmart/hmart/assets/images/blog-image/side-image.webp]
[htmldemo.net/hmart/hmart/assets/images/blog-image/comment-img-1.webp]
[htmldemo.net/hmart/hmart/assets/images/blog-image/comment-img-2.webp]
[htmldemo.net/hmart/hmart/assets/images/blog-image/comment-img-3.webp]
[htmldemo.net/hmart/hmart/blog-single-left-sidebar.html]
[htmldemo.net/hmart/hmart/blog-single.html]
[htmldemo.net/hmart/hmart/blog-single-right-sidebar.html]
[htmldemo.net/hmart/hmart/assets/images/icons/contact-1.png]
[htmldemo.net/hmart/hmart/assets/images/icons/contact-2.png]
[htmldemo.net/hmart/hmart/assets/images/icons/contact-3.png]
[htmldemo.net/hmart/hmart/contact.html]
[htmldemo.net/hmart/hmart/assets/fonts/fontawesome-webfont3e6e.svg]
[htmldemo.net/hmart/hmart/assets/fonts/Pe-icon-7-strokebb1d.svg]
